PS C:\Users\user\git_challenge> git remote add origin https://github.com/dobashi021/git_challenge
PS C:\Users\user\git_challenge> git remote -v
origin  https://github.com/dobashi021/git_challenge (fetch)
origin  https://github.com/dobashi021/git_challenge (push)
PS C:\Users\user\git_challenge> git diff --staged
PS C:\Users\user\git_challenge> git push -u origin main
Enumerating objects: 6, done.
Counting objects: 100% (6/6), done.
Delta compression using up to 4 threads
Compressing objects: 100% (2/2), done.
Writing objects: 100% (6/6), 557 bytes | 278.00 KiB/s, done.
Total 6 (delta 0), reused 0 (delta 0), pack-reused 0 (from 0)
To https://github.com/dobashi021/git_challenge
 * [new branch]      main -> main
branch 'main' set up to track 'origin/main'.
PS C:\Users\user\git_challenge>
PS C:\Users\user\git_challenge> git pull
Already up to date.
PS C:\Users\user\git_challenge> git checkout -b pull_request
Switched to a new branch 'pull_request'
PS C:\Users\user\git_challenge>
PS C:\Users\user\git_challenge>
PS C:\Users\user\git_challenge> git branch
  main
* pull_request
PS C:\Users\user\git_challenge> git add .\hello_world.txt
PS C:\Users\user\git_challenge> 
PS C:\Users\user\git_challenge>
PS C:\Users\user\git_challenge> 
PS C:\Users\user\git_challenge>
PS C:\Users\user\git_challenge> git commit -m "「こんにちは」を「こんばんは」に変更"
[pull_request 880116c] 「こんにちは」を「こんばんは」に変更
 1 file changed, 1 insertion(+), 1 deletion(-)
PS C:\Users\user\git_challenge> git tree
*        880116c  2024/04/26 10:37:20   dobashi         「こんにちは」を「こんばんは」に変更  (HEAD -> pull_request)
*        e3bee03  2024/04/12 19:51:42   土橋恵  日本語訳を追記  (origin/main, main)
*        aff2a3f  2024/04/12 19:50:08   土橋恵  hello_world.txtを追加
PS C:\Users\user\git_challenge> 
PS C:\Users\user\git_challenge>         
PS C:\Users\user\git_challenge>
PS C:\Users\user\git_challenge>
PS C:\Users\user\git_challenge> git push origin pull_request
Enumerating objects: 5, done.
Counting objects: 100% (5/5), done.
Writing objects: 100% (3/3), 330 bytes | 330.00 KiB/s, done.
Total 3 (delta 0), reused 0 (delta 0), pack-reused 0 (from 0)
remote: 
remote: Create a pull request for 'pull_request' on GitHub by visiting:
remote:      https://github.com/dobashi021/git_challenge/pull/new/pull_request
remote:
To https://github.com/dobashi021/git_challenge
 * [new branch]      pull_request -> pull_request
PS C:\Users\user\git_challenge> 
PS C:\Users\user\git_challenge>
PS C:\Users\user\git_challenge>
PS C:\Users\user\git_challenge> git checkout main
Switched to branch 'main'
Your branch is up to date with 'origin/main'.
PS C:\Users\user\git_challenge> 
PS C:\Users\user\git_challenge> git branch -D pull_request
Deleted branch pull_request (was 880116c).
PS C:\Users\user\git_challenge>
PS C:\Users\user\git_challenge>
PS C:\Users\user\git_challenge> git pull
remote: Enumerating objects: 1, done.
remote: Counting objects: 100% (1/1), done.
remote: Total 1 (delta 0), reused 0 (delta 0), pack-reused 0
Unpacking objects: 100% (1/1), 956 bytes | 191.00 KiB/s, done.
From https://github.com/dobashi021/git_challenge
   e3bee03..8faf8e1  main       -> origin/main
Updating e3bee03..8faf8e1
Fast-forward
 hello_world.txt | 2 +-
 1 file changed, 1 insertion(+), 1 deletion(-)
PS C:\Users\user\git_challenge>